[     268ms] [INFO] %cDownload the React DevTools for a better development experience: https://react.dev/link/react-devtools font-weight:bold @ http://localhost:5173/node_modules/.vite/deps/react-dom_client.js?v=f2e02da2:14333
[     483ms] [ERROR] Invalid hook call. Hooks can only be called inside of the body of a function component. This could happen for one of the following reasons:
1. You might have mismatching versions of React and the renderer (such as React DOM)
2. You might be breaking the Rules of Hooks
3. You might have more than one copy of React in the same app
See https://react.dev/link/invalid-hook-call for tips about how to debug and fix this problem. @ http://localhost:5173/@vite/client:528
[     485ms] [ERROR] Invalid hook call. Hooks can only be called inside of the body of a function component. This could happen for one of the following reasons:
1. You might have mismatching versions of React and the renderer (such as React DOM)
2. You might be breaking the Rules of Hooks
3. You might have more than one copy of React in the same app
See https://react.dev/link/invalid-hook-call for tips about how to debug and fix this problem. @ http://localhost:5173/@vite/client:528
[     583ms] [ERROR] %o

%s

%s
 TypeError: Cannot read properties of null (reading 'useCallback')
    at exports.useCallback (http://localhost:5173/node_modules/.vite/deps/react-CDTerCuV.js?v=4189d236:701:30)
    at useStore (http://localhost:5173/node_modules/.vite/deps/zustand.js?v=d2d1bc4c:36:78)
    at useBoundStore (http://localhost:5173/node_modules/.vite/deps/zustand.js?v=d2d1bc4c:42:38)
    at WizardShell (http://localhost:5173/src/components/wizard/WizardShell.tsx:41:42)
    at Object.react_stack_bottom_frame (http://localhost:5173/node_modules/.vite/deps/react-dom_client.js?v=f2e02da2:12864:12)
    at renderWithHooks (http://localhost:5173/node_modules/.vite/deps/react-dom_client.js?v=f2e02da2:4211:19)
    at updateFunctionComponent (http://localhost:5173/node_modules/.vite/deps/react-dom_client.js?v=f2e02da2:5567:16)
    at beginWork (http://localhost:5173/node_modules/.vite/deps/react-dom_client.js?v=f2e02da2:6118:628)
    at runWithFiberInDEV (http://localhost:5173/node_modules/.vite/deps/react-dom_client.js?v=f2e02da2:850:66)
    at performUnitOfWork (http://localhost:5173/node_modules/.vite/deps/react-dom_client.js?v=f2e02da2:8427:92) The above error occurred in the <WizardShell> component. React will try to recreate this component tree from scratch using the error boundary you provided, AppErrorBoundary. @ http://localhost:5173/@vite/client:528
[  104158ms] [INFO] %cDownload the React DevTools for a better development experience: https://react.dev/link/react-devtools font-weight:bold @ http://localhost:5173/node_modules/.vite/deps/react-dom_client.js?v=f2e02da2:14333
[  104194ms] [ERROR] Invalid hook call. Hooks can only be called inside of the body of a function component. This could happen for one of the following reasons:
1. You might have mismatching versions of React and the renderer (such as React DOM)
2. You might be breaking the Rules of Hooks
3. You might have more than one copy of React in the same app
See https://react.dev/link/invalid-hook-call for tips about how to debug and fix this problem. @ http://localhost:5173/@vite/client:528
[  104195ms] [ERROR] Invalid hook call. Hooks can only be called inside of the body of a function component. This could happen for one of the following reasons:
1. You might have mismatching versions of React and the renderer (such as React DOM)
2. You might be breaking the Rules of Hooks
3. You might have more than one copy of React in the same app
See https://react.dev/link/invalid-hook-call for tips about how to debug and fix this problem. @ http://localhost:5173/@vite/client:528
[  104473ms] [ERROR] %o

%s

%s
 TypeError: Cannot read properties of null (reading 'useCallback')
    at exports.useCallback (http://localhost:5173/node_modules/.vite/deps/react-CDTerCuV.js?v=4189d236:701:30)
    at useStore (http://localhost:5173/node_modules/.vite/deps/zustand.js?v=d2d1bc4c:36:78)
    at useBoundStore (http://localhost:5173/node_modules/.vite/deps/zustand.js?v=d2d1bc4c:42:38)
    at WizardShell (http://localhost:5173/src/components/wizard/WizardShell.tsx:41:42)
    at Object.react_stack_bottom_frame (http://localhost:5173/node_modules/.vite/deps/react-dom_client.js?v=f2e02da2:12864:12)
    at renderWithHooks (http://localhost:5173/node_modules/.vite/deps/react-dom_client.js?v=f2e02da2:4211:19)
    at updateFunctionComponent (http://localhost:5173/node_modules/.vite/deps/react-dom_client.js?v=f2e02da2:5567:16)
    at beginWork (http://localhost:5173/node_modules/.vite/deps/react-dom_client.js?v=f2e02da2:6118:628)
    at runWithFiberInDEV (http://localhost:5173/node_modules/.vite/deps/react-dom_client.js?v=f2e02da2:850:66)
    at performUnitOfWork (http://localhost:5173/node_modules/.vite/deps/react-dom_client.js?v=f2e02da2:8427:92) The above error occurred in the <WizardShell> component. React will try to recreate this component tree from scratch using the error boundary you provided, AppErrorBoundary. @ http://localhost:5173/@vite/client:528
[  116233ms] [LOG] [vite] server connection lost. Polling for restart... @ http://localhost:5173/@vite/client:998
